{
    "test_authentict_deam2cont - stub": {
        "content": [
            {
                "0": [
                    
                ],
                "1": [
                    
                ],
                "2": [
                    
                ],
                "txt": [
                    
                ],
                "versions_authentict": [
                    
                ],
                "versions_samtools": [
                    
                ]
            },
            [
                
            ]
        ],
        "timestamp": "2026-03-11T15:14:00.273660587",
        "meta": {
            "nf-test": "0.9.4",
            "nextflow": "25.10.4"
        }
    },
    "test_authentict_deam2cont": {
        "content": [
            {
                "0": [
                    
                ],
                "1": [
                    
                ],
                "2": [
                    
                ],
                "txt": [
                    
                ],
                "versions_authentict": [
                    
                ],
                "versions_samtools": [
                    
                ]
            }
        ],
        "timestamp": "2026-03-11T15:13:50.023740081",
        "meta": {
            "nf-test": "0.9.4",
            "nextflow": "25.10.4"
        }
    }
}